Watching for file changes with StatReloader
[27/Jul/2026 02:47:49] "GET /api/browse/?path=%2FDHAKA-FLIX-14%2FHindi%2520Movies%2F%25282026%2529%2FDhurandhar-The%2520Revenge%2520%25282026%2529%25201080p%2F HTTP/1.1" 200 748
[27/Jul/2026 02:47:49] "GET /api/browse/?path=%2FDHAKA-FLIX-14%2FHindi%2520Movies%2F%25282026%2529%2FDhurandhar-The%2520Revenge%2520%25282026%2529%25201080p%2F HTTP/1.1" 200 748
[27/Jul/2026 02:47:54] "GET /api/proxy/?url=http%3A%2F%2F172.16.50.14%2FDHAKA-FLIX-14%2FHindi%2520Movies%2F%25282026%2529%2FDhurandhar-The%2520Revenge%2520%25282026%2529%25201080p%2Fa_AL_.jpg HTTP/1.1" 200 442007
[27/Jul/2026 02:47:55] "GET /api/browse/?path=%2FDHAKA-FLIX-7%2FEnglish%2520Movies%2F%25282024%2529%2F HTTP/1.1" 200 92418
[27/Jul/2026 02:47:55] "GET /api/browse/?path=%2FDHAKA-FLIX-14%2FHindi%2520Movies%2F HTTP/1.1" 200 4580
[27/Jul/2026 02:47:55] "GET /api/browse/?path=%2FDHAKA-FLIX-14%2FIMDb%2520Top-250%2520Movies%2F HTTP/1.1" 200 58049
[27/Jul/2026 02:47:55] "GET /api/browse/?path=%2FDHAKA-FLIX-12%2FTV-WEB-Series%2F HTTP/1.1" 200 870
[27/Jul/2026 02:47:55] "GET /api/browse/?path=%2FDHAKA-FLIX-14%2FHindi%2520Movies%2F HTTP/1.1" 200 4580
[27/Jul/2026 02:47:55] "GET /api/browse/?path=%2FDHAKA-FLIX-12%2FTV-WEB-Series%2F HTTP/1.1" 200 870
[27/Jul/2026 02:47:55] "GET /api/browse/?path=%2FDHAKA-FLIX-7%2FEnglish%2520Movies%2F%25282024%2529%2F HTTP/1.1" 200 92418
[27/Jul/2026 02:47:55] "GET /api/browse/?path=%2FDHAKA-FLIX-14%2FAnimation%2520Movies%2520%25281080p%2529%2F HTTP/1.1" 200 155069
[27/Jul/2026 02:47:55] "GET /api/browse/?path=%2FDHAKA-FLIX-14%2FIMDb%2520Top-250%2520Movies%2F HTTP/1.1" 200 58049
[27/Jul/2026 02:47:55] "GET /api/browse/?path=%2FDHAKA-FLIX-7%2FEnglish%2520Movies%2F%25282024%2529%2F40%2520Acres%2520%25282024%2529%2520720p%2520%255BDual%2520Audio%255D%2F HTTP/1.1" 200 743
[27/Jul/2026 02:47:55] "GET /api/browse/?path=%2FDHAKA-FLIX-14%2FKOREAN%2520TV%2520%2526%2520WEB%2520Series%2F HTTP/1.1" 200 198885
[27/Jul/2026 02:47:56] "GET /api/browse/?path=%2FDHAKA-FLIX-14%2FHindi%2520Movies%2F%25281997%2529%2F HTTP/1.1" 200 8461
[27/Jul/2026 02:47:56] "GET /api/browse/?path=%2FDHAKA-FLIX-14%2FHindi%2520Movies%2F%25281998%2529%2F HTTP/1.1" 200 8079
[27/Jul/2026 02:47:56] "GET /api/browse/?path=%2FDHAKA-FLIX-14%2FAnimation%2520Movies%2520%25281080p%2529%2F HTTP/1.1" 200 155069
[27/Jul/2026 02:47:56] "GET /api/browse/?path=%2FDHAKA-FLIX-14%2FHindi%2520Movies%2F%25281999%2529%2F HTTP/1.1" 200 9986
[27/Jul/2026 02:47:56] "GET /api/browse/?path=%2FDHAKA-FLIX-14%2FHindi%2520Movies%2F%25282000%2529%2F HTTP/1.1" 200 8219
[27/Jul/2026 02:47:56] "GET /api/browse/?path=%2FDHAKA-FLIX-14%2FHindi%2520Movies%2F%25281996%2529%2F HTTP/1.1" 200 7914
[27/Jul/2026 02:47:56] "GET /api/browse/?path=%2FDHAKA-FLIX-7%2FEnglish%2520Movies%2F%25282024%2529%2F HTTP/1.1" 200 92418
[27/Jul/2026 02:47:56] "GET /api/browse/?path=%2FDHAKA-FLIX-14%2FHindi%2520Movies%2F%25281995%2529%2520%2526%2520Before%2F HTTP/1.1" 200 103623
[27/Jul/2026 02:47:56] "GET /api/browse/?path=%2FDHAKA-FLIX-12%2FTV-WEB-Series%2FTV%2520Series%2520%25E2%2598%2585%2520%25200%2520%2520%25E2%2580%2594%2520%25209%2F HTTP/1.1" 200 9168
[27/Jul/2026 02:47:56] "GET /api/browse/?path=%2FDHAKA-FLIX-12%2FTV-WEB-Series%2FTV%2520Series%2520%25E2%2599%25A6%2520%2520M%2520%2520%25E2%2580%2594%2520%2520R%2F HTTP/1.1" 200 116611
[27/Jul/2026 02:47:56] "GET /api/browse/?path=%2FDHAKA-FLIX-14%2FIMDb%2520Top-250%2520Movies%2F002.%2520The%2520Godfather%2520%25281972%2529%25201080p%2520%255BDual%2520Audio%255D%2F HTTP/1.1" 200 819
[27/Jul/2026 02:47:56] "GET /api/browse/?path=%2FDHAKA-FLIX-12%2FTV-WEB-Series%2FTV%2520Series%2520%25E2%2599%25A6%2520%2520S%2520%2520%25E2%2580%2594%2520%2520Z%2F HTTP/1.1" 200 262729
[27/Jul/2026 02:47:56] "GET /api/browse/?path=%2FDHAKA-FLIX-14%2FIMDb%2520Top-250%2520Movies%2F001.%2520The%2520Shawshank%2520Redemption%2520%25281994%2529%25201080p%2520%255BDual%2520Audio%255D%2F HTTP/1.1" 200 866
[27/Jul/2026 02:47:56] "GET /api/browse/?path=%2FDHAKA-FLIX-14%2FKOREAN%2520TV%2520%2526%2520WEB%2520Series%2F HTTP/1.1" 200 198885
[27/Jul/2026 02:47:56] "GET /api/browse/?path=%2FDHAKA-FLIX-12%2FTV-WEB-Series%2FTV%2520Series%2520%25E2%2599%25A5%2520%2520A%2520%2520%25E2%2580%2594%2520%2520L%2F HTTP/1.1" 200 296110
[27/Jul/2026 02:47:56] "GET /api/browse/?path=%2FDHAKA-FLIX-14%2FIMDb%2520Top-250%2520Movies%2F003.%2520The%2520Dark%2520Knight%2520%25282008%2529%25201080p%2520%255BDual%2520Audio%255D%2F HTTP/1.1" 200 823
[27/Jul/2026 02:47:56] "GET /api/browse/?path=%2FDHAKA-FLIX-7%2FEnglish%2520Movies%2F%25282024%2529%2FA%2520Complete%2520Unknown%2520%25282024%2529%2520720p%2520WEBRip%2F HTTP/1.1" 200 659
[27/Jul/2026 02:47:56] "GET /api/browse/?path=%2FDHAKA-FLIX-14%2FIMDb%2520Top-250%2520Movies%2F004.%2520The%2520Godfather-Part%2520II%2520%25281974%2529%25201080p%2520%255BDual%2520Audio%255D%2F HTTP/1.1" 200 843
[27/Jul/2026 02:47:56] "GET /api/browse/?path=%2FDHAKA-FLIX-14%2FIMDb%2520Top-250%2520Movies%2F005.%252012%2520Angry%2520Men%2520%25281957%2529%25201080p%2F HTTP/1.1" 200 679
[27/Jul/2026 02:47:56] "GET /api/browse/?path=%2FDHAKA-FLIX-14%2FIMDb%2520Top-250%2520Movies%2F006.%2520Schindler%2527s%2520List%2520%25281993%2529%25201080p%2520%255BDual%2520Audio%255D%2F HTTP/1.1" 200 812
[27/Jul/2026 02:47:56] "GET /api/browse/?path=%2FDHAKA-FLIX-14%2FHindi%2520Movies%2F%25282001%2529%2F HTTP/1.1" 200 10994
[27/Jul/2026 02:47:56] "GET /api/browse/?path=%2FDHAKA-FLIX-14%2FIMDb%2520Top-250%2520Movies%2F007.%2520The%2520Lord%2520of%2520the%2520Rings-The%2520Return%2520of%2520the%2520King%2520%25282003%2529%25201080p%2520%255BDual%2520Audio%255D%2F HTTP/1.1" 200 984
[27/Jul/2026 02:47:56] "GET /api/browse/?path=%2FDHAKA-FLIX-14%2FHindi%2520Movies%2F%25282002%2529%2F HTTP/1.1" 200 12979
[27/Jul/2026 02:47:56] "GET /api/browse/?path=%2FDHAKA-FLIX-14%2FHindi%2520Movies%2F%25281997%2529%2FAastha-In%2520the%2520Prison%2520of%2520Spring%2520%25281997%2529%2F HTTP/1.1" 200 594
[27/Jul/2026 02:47:56] "GET /api/browse/?path=%2FDHAKA-FLIX-14%2FHindi%2520Movies%2F%25281997%2529%2FAflatoon%2520%25281997%2529%25201080p%2F HTTP/1.1" 200 630
[27/Jul/2026 02:47:56] "GET /api/browse/?path=%2FDHAKA-FLIX-14%2FHindi%2520Movies%2F%25281998%2529%2FAchanak%2520%25281998%2529%25201080p%2F HTTP/1.1" 200 607
[27/Jul/2026 02:47:56] "GET /api/browse/?path=%2FDHAKA-FLIX-14%2FHindi%2520Movies%2F%25281998%2529%2FAngaaray%2520%25281998%2529%2520720p%2F HTTP/1.1" 200 617
[27/Jul/2026 02:47:56] "GET /api/browse/?path=%2FDHAKA-FLIX-14%2FHindi%2520Movies%2F%25282000%2529%2FAgniputra%2520%25282000%2529%25201080p%2F HTTP/1.1" 200 619
[27/Jul/2026 02:47:56] "GET /api/browse/?path=%2FDHAKA-FLIX-14%2FHindi%2520Movies%2F%25282000%2529%2FAstitva%2520%25282000%2529%25201080p%2F HTTP/1.1" 200 607
[27/Jul/2026 02:47:56] "GET /api/browse/?path=%2FDHAKA-FLIX-14%2FHindi%2520Movies%2F%25281996%2529%2FAjay%2520%25281996%2529%25201080p%2F HTTP/1.1" 200 614
[27/Jul/2026 02:47:56] "GET /api/browse/?path=%2FDHAKA-FLIX-14%2FHindi%2520Movies%2F%25281996%2529%2FArmy%2520%25281996%2529%2520720p%2F HTTP/1.1" 200 531
[27/Jul/2026 02:47:56] "GET /api/browse/?path=%2FDHAKA-FLIX-14%2FHindi%2520Movies%2F%25281999%2529%2FAa%2520Ab%2520Laut%2520Chalen%2520%25281999%2529%25201080p%2F HTTP/1.1" 200 705
[27/Jul/2026 02:47:56] "GET /api/browse/?path=%2FDHAKA-FLIX-14%2FHindi%2520Movies%2F%25281999%2529%2FAarzoo%2520%25281999%2529%2520720p%2F HTTP/1.1" 200 597
[27/Jul/2026 02:47:56] "GET /api/browse/?path=%2FDHAKA-FLIX-14%2FIMDb%2520Top-250%2520Movies%2F008.%2520Pulp%2520Fiction%2520%25281994%2529%25201080p%2F HTTP/1.1" 200 665
[27/Jul/2026 02:47:56] "GET /api/browse/?path=%2FDHAKA-FLIX-14%2FAnimation%2520Movies%2520%25281080p%2529%2F009%2520Re-Cyborg%2520%25282012%2529%25201080p%2520%255BDual%2520Audio%255D%2F HTTP/1.1" 200 807
[27/Jul/2026 02:47:56] "GET /api/browse/?path=%2FDHAKA-FLIX-7%2FEnglish%2520Movies%2F%25282024%2529%2F HTTP/1.1" 200 92418
[27/Jul/2026 02:47:56] "GET /api/browse/?path=%2FDHAKA-FLIX-14%2FAnimation%2520Movies%2520%25281080p%2529%2F5%2520Centimeters%2520Per%2520Second%2520%25282007%2529%25201080p%2520%255BMulti%2520Audio%255D%2F HTTP/1.1" 200 917
[27/Jul/2026 02:47:56] "GET /api/browse/?path=%2FDHAKA-FLIX-14%2FAnimation%2520Movies%2520%25281080p%2529%2F100%2520Meters%2520%25282025%2529%25201080p%2520NF%2520%255BDual%2520Audio%255D%2F HTTP/1.1" 200 811
[27/Jul/2026 02:47:56] "GET /api/browse/?path=%2FDHAKA-FLIX-14%2FAnimation%2520Movies%2520%25281080p%2529%2F7%2520Days%2520War%2520%25282019%2529%25201080p%2F HTTP/1.1" 200 697
[27/Jul/2026 02:47:56] "GET /api/browse/?path=%2FDHAKA-FLIX-14%2FAnimation%2520Movies%2520%25281080p%2529%2FA%2520Bug%2527s%2520Life%2520%25281998%2529%25201080p%2F HTTP/1.1" 200 813
[27/Jul/2026 02:47:56] "GET /api/browse/?path=%2FDHAKA-FLIX-14%2FAnimation%2520Movies%2520%25281080p%2529%2FA%2520Christmas%2520Carol%2520%25282009%2529%25201080p%2F HTTP/1.1" 200 712
[27/Jul/2026 02:47:56] "GET /api/browse/?path=%2FDHAKA-FLIX-14%2FHindi%2520Movies%2F%25281995%2529%2520%2526%2520Before%2F100%2520Days%2520%25281991%2529%25201080p%2F HTTP/1.1" 200 681
[27/Jul/2026 02:47:56] "GET /api/browse/?path=%2FDHAKA-FLIX-14%2FHindi%2520Movies%2F%25281995%2529%2520%2526%2520Before%2F1942-A%2520Love%2520Story%2520%25281994%2529%25201080p%2F HTTP/1.1" 200 732
[27/Jul/2026 02:47:56] "GET /api/browse/?path=%2FDHAKA-FLIX-12%2FTV-WEB-Series%2FTV%2520Series%2520%25E2%2598%2585%2520%25200%2520%2520%25E2%2580%2594%2520%25209%2F1000%2520Babies%2520%2528TV%2520Series%25202024%25E2%2580%2593%2520%2529%2520720p%2520%255BDual%2520Audio%255D%2F HTTP/1.1" 200 762
[27/Jul/2026 02:47:56] "GET /api/browse/?path=%2FDHAKA-FLIX-14%2FHindi%2520Movies%2F%25282003%2529%2F HTTP/1.1" 200 13782
[27/Jul/2026 02:47:56] "GET /api/browse/?path=%2FDHAKA-FLIX-12%2FTV-WEB-Series%2FTV%2520Series%2520%25E2%2599%25A6%2520%2520M%2520%2520%25E2%2580%2594%2520%2520R%2FMaamla%2520Legal%2520Hai%2520%2528TV%2520Series%25202024%25E2%2580%2593%2520%2529%2520720p%2F HTTP/1.1" 200 1065
[27/Jul/2026 02:47:56] "GET /api/browse/?path=%2FDHAKA-FLIX-12%2FTV-WEB-Series%2FTV%2520Series%2520%25E2%2599%25A6%2520%2520M%2520%2520%25E2%2580%2594%2520%2520R%2FMacGyver%2520%2528TV%2520Series%25201985%25E2%2580%25931992%2529%2520720p%2F HTTP/1.1" 200 2187
[27/Jul/2026 02:47:56] "GET /api/browse/?path=%2FDHAKA-FLIX-12%2FTV-WEB-Series%2FTV%2520Series%2520%25E2%2598%2585%2520%25200%2520%2520%25E2%2580%2594%2520%25209%2F10%2520Things%2520I%2520Hate%2520About%2520You%2520%2528TV%2520Series%25202009%25E2%2580%25932010%2529%2520720p%2F HTTP/1.1" 200 771
[27/Jul/2026 02:47:56] "GET /api/browse/?path=%2FDHAKA-FLIX-14%2FIMDb%2520Top-250%2520Movies%2F009.%2520The%2520Lord%2520of%2520the%2520Rings-The%2520Fellowship%2520of%2520the%2520Ring%2520%25282001%2529%25201080p%2520%255BDual%2520Audio%255D%2F HTTP/1.1" 200 996
[27/Jul/2026 02:47:56] "GET /api/browse/?path=%2FDHAKA-FLIX-14%2FAnimation%2520Movies%2520%25281080p%2529%2FA%2520Letter%2520to%2520Momo%2520%25282011%2529%25201080p%2520%255BDual%2520Audio%255D%2F HTTP/1.1" 200 834
[27/Jul/2026 02:47:56] "GET /api/browse/?path=%2FDHAKA-FLIX-12%2FTV-WEB-Series%2FTV%2520Series%2520%25E2%2599%25A6%2520%2520S%2520%2520%25E2%2580%2594%2520%2520Z%2FS.W.A.T.%2520%2528TV%2520Series%25202017%25E2%2580%25932025%2529%2520720p%2520%255BDual%2520Audio%255D%2F HTTP/1.1" 200 2923
[27/Jul/2026 02:47:56] "GET /api/proxy/?url=http%3A%2F%2F172.16.50.7%2FDHAKA-FLIX-7%2FEnglish%2520Movies%2F%25282024%2529%2F40%2520Acres%2520%25282024%2529%2520720p%2520%255BDual%2520Audio%255D%2Fa_AL_.jpg HTTP/1.1" 200 180805
[27/Jul/2026 02:47:56] "GET /api/browse/?path=%2FDHAKA-FLIX-12%2FTV-WEB-Series%2FTV%2520Series%2520%25E2%2599%25A5%2520%2520A%2520%2520%25E2%2580%2594%2520%2520L%2FA%2520Discovery%2520of%2520Witches%2520%2528TV%2520Series%25202018%25E2%2580%25932022%2529%25201080p%2F HTTP/1.1" 200 1567
[27/Jul/2026 02:47:56] "GET /api/browse/?path=%2FDHAKA-FLIX-12%2FTV-WEB-Series%2FTV%2520Series%2520%25E2%2599%25A5%2520%2520A%2520%2520%25E2%2580%2594%2520%2520L%2FA%2520Gifted%2520Man%2520%2528TV%2520Series%25202011%25E2%2580%25932012%2529%2520480p%2F HTTP/1.1" 200 711
[27/Jul/2026 02:47:56] "GET /api/browse/?path=%2FDHAKA-FLIX-14%2FHindi%2520Movies%2F%25282004%2529%2F HTTP/1.1" 200 11285
[27/Jul/2026 02:47:56] "GET /api/browse/?path=%2FDHAKA-FLIX-7%2FEnglish%2520Movies%2F%25282024%2529%2FA%2520Complete%2520Unknown%2520%25282024%2529%2520720p%2520WEBRip%2F HTTP/1.1" 200 659
[27/Jul/2026 02:47:56] "GET /api/browse/?path=%2FDHAKA-FLIX-12%2FTV-WEB-Series%2FTV%2520Series%2520%25E2%2599%25A6%2520%2520S%2520%2520%25E2%2580%2594%2520%2520Z%2FSaas%252C%2520Bahu%2520Aur%2520Flamingo%2520%2528TV%2520Series%25202023%25E2%2580%2593%2520%2529%25201080p%2F HTTP/1.1" 200 1075
[27/Jul/2026 02:47:56] "GET /api/browse/?path=%2FDHAKA-FLIX-14%2FIMDb%2520Top-250%2520Movies%2F010.%2520The%2520Good%252C%2520the%2520Bad%2520and%2520the%2520Ugly%2520%25281966%2529%25201080p%2F HTTP/1.1" 200 839
[27/Jul/2026 02:47:56] "GET /api/browse/?path=%2FDHAKA-FLIX-14%2FAnimation%2520Movies%2520%25281080p%2529%2FA%2520Shaun%2520the%2520Sheep%2520Movie-Farmageddon%2520%25282019%2529%25201080p%2F HTTP/1.1" 200 766
[27/Jul/2026 02:47:56] "GET /api/browse/?path=%2FDHAKA-FLIX-14%2FKOREAN%2520TV%2520%2526%2520WEB%2520Series%2F18%2520Again%2520%2528TV%2520Series%25202020%2529%2520720p%2520%255BDual%2520Audio%255D%2F HTTP/1.1" 200 845
[27/Jul/2026 02:47:56] "GET /api/browse/?path=%2FDHAKA-FLIX-14%2FKOREAN%2520TV%2520%2526%2520WEB%2520Series%2F100%2520Days%2520My%2520Prince%2520%2528TV%2520Series%25202018%2529%2520720p%2F HTTP/1.1" 200 861
[27/Jul/2026 02:47:56] "GET /api/browse/?path=%2FDHAKA-FLIX-14%2FKOREAN%2520TV%2520%2526%2520WEB%2520Series%2F20th%2520Century%2520Boy%2520and%2520Girl%2520%2528TV%2520Series%25202017%2529%2520720p%2F HTTP/1.1" 200 659
[27/Jul/2026 02:47:56] "GET /api/browse/?path=%2FDHAKA-FLIX-14%2FKOREAN%2520TV%2520%2526%2520WEB%2520Series%2F2%2520Weeks%2520%2528TV%2520Mini%2520Series%25202013%2529%2520720p%2F HTTP/1.1" 200 829
[27/Jul/2026 02:47:56] "GET /api/browse/?path=%2FDHAKA-FLIX-14%2FKOREAN%2520TV%2520%2526%2520WEB%2520Series%2F365-Repeat%2520the%2520Year%2520%2528TV%2520Series%25202020%2529%2520720p%2520%255BDual%2520Audio%255D%2F HTTP/1.1" 200 897
[27/Jul/2026 02:47:56] "GET /api/browse/?path=%2FDHAKA-FLIX-14%2FKOREAN%2520TV%2520%2526%2520WEB%2520Series%2FA%2520Bloody%2520Lucky%2520Day%2520%2528TV%2520Series%25202023%25E2%2580%2593%2520%2529%2520720p%2520%255BDual%2520Audio%255D%2F HTTP/1.1" 200 693
[27/Jul/2026 02:47:56] "GET /api/browse/?path=%2FDHAKA-FLIX-7%2FEnglish%2520Movies%2F%25282024%2529%2FA%2520Different%2520Man%2520%25282024%2529%2520720p%2520%255BDual%2520Audio%255D%2F HTTP/1.1" 200 786
[27/Jul/2026 02:47:56] "GET /api/proxy/?url=http%3A%2F%2F172.16.50.7%2FDHAKA-FLIX-7%2FEnglish%2520Movies%2F%25282024%2529%2FA%2520Complete%2520Unknown%2520%25282024%2529%2520720p%2520WEBRip%2Fa_AL_.jpg HTTP/1.1" 200 2002953
[27/Jul/2026 02:47:56] "GET /api/browse/?path=%2FDHAKA-FLIX-14%2FHindi%2520Movies%2F%25282005%2529%2F HTTP/1.1" 200 18338
[27/Jul/2026 02:47:56] "GET /api/browse/?path=%2FDHAKA-FLIX-14%2FAnimation%2520Movies%2520%25281080p%2529%2FA%2520Silent%2520Voice-The%2520Movie%2520%25282016%2529%25201080p%2520%255BDual%2520Audio%255D%2F HTTP/1.1" 200 796
[27/Jul/2026 02:47:56] "GET /api/browse/?path=%2FDHAKA-FLIX-14%2FHindi%2520Movies%2F%25282001%2529%2FAamdani%2520Atthanni%2520Kharcha%2520Rupaiya%2520%25282001%2529%25201080p%2F HTTP/1.1" 200 772
[27/Jul/2026 02:47:56] "GET /api/browse/?path=%2FDHAKA-FLIX-14%2FIMDb%2520Top-250%2520Movies%2F011.%2520Forrest%2520Gump%2520%25281994%2529%25201080p%2520%255BDual%2520Audio%255D%2F HTTP/1.1" 200 798
[27/Jul/2026 02:47:56] "GET /api/browse/?path=%2FDHAKA-FLIX-14%2FHindi%2520Movies%2F%25282001%2529%2FAashiq%2520%25282001%2529%25201080p%2F HTTP/1.1" 200 624
[27/Jul/2026 02:47:57] "GET /api/browse/?path=%2FDHAKA-FLIX-14%2FHindi%2520Movies%2F%25282006%2529%2F HTTP/1.1" 200 13846
[27/Jul/2026 02:47:57] "GET /api/browse/?path=%2FDHAKA-FLIX-14%2FIMDb%2520Top-250%2520Movies%2F012.%2520The%2520Lord%2520of%2520the%2520Rings-The%2520Two%2520Towers%2520%25282002%2529%25201080p%2520%255BDual%2520Audio%255D%2F HTTP/1.1" 200 948
[27/Jul/2026 02:47:57] "GET /api/browse/?path=%2FDHAKA-FLIX-14%2FHindi%2520Movies%2F%25282002%2529%2F16%2520December%2520%25282002%2529%2F HTTP/1.1" 200 607
[27/Jul/2026 02:47:57] "GET /api/browse/?path=%2FDHAKA-FLIX-14%2FAnimation%2520Movies%2520%25281080p%2529%2FAbominable%2520%25282019%2529%25201080p%2520%255BDual%2520Audio%255D%2F HTTP/1.1" 200 780
[27/Jul/2026 02:47:57] "GET /api/browse/?path=%2FDHAKA-FLIX-14%2FHindi%2520Movies%2F%25282002%2529%2F23rd%2520March%25201931-Shaheed%2520%25282002%2529%25201080p%2F HTTP/1.1" 200 721
[27/Jul/2026 02:47:57] "GET /api/browse/?path=%2FDHAKA-FLIX-14%2FKOREAN%2520TV%2520%2526%2520WEB%2520Series%2FA%2520Good%2520Day%2520to%2520Be%2520a%2520Dog%2520%2528TV%2520Series%25202023%25E2%2580%2593%2520%2529%2520720p%2F HTTP/1.1" 200 949
[27/Jul/2026 02:47:57] "GET /api/browse/?path=%2FDHAKA-FLIX-14%2FHindi%2520Movies%2F%25282007%2529%2F HTTP/1.1" 200 16113
[27/Jul/2026 02:47:57] "GET /api/browse/?path=%2FDHAKA-FLIX-14%2FKOREAN%2520TV%2520%2526%2520WEB%2520Series%2FA%2520Hundred%2520Memories%2520%2528TV%2520Series%25202025%2529%2520720p%2F HTTP/1.1" 200 632
[27/Jul/2026 02:47:57] "GET /api/browse/?path=%2FDHAKA-FLIX-14%2FIMDb%2520Top-250%2520Movies%2F013.%2520Fight%2520Club%2520%25281999%2529%25201080p%2520%255BDual%2520Audio%255D%2F HTTP/1.1" 200 786
[27/Jul/2026 02:47:57] "GET /api/browse/?path=%2FDHAKA-FLIX-14%2FAnimation%2520Movies%2520%25281080p%2529%2FAfro%2520Samurai-Resurrection%2520%25282009%2529%25201080p%2F HTTP/1.1" 200 738
[27/Jul/2026 02:47:57] "GET /api/browse/?path=%2FDHAKA-FLIX-14%2FKOREAN%2520TV%2520%2526%2520WEB%2520Series%2FA%2520Killer%2520Paradox%2520%2528TV%2520Series%25202024%25E2%2580%2593%2520%2529%2520720p%2520%255BMulti%2520Audio%255D%2F HTTP/1.1" 200 684
[27/Jul/2026 02:47:57] "GET /api/browse/?path=%2FDHAKA-FLIX-14%2FHindi%2520Movies%2F%25282008%2529%2F HTTP/1.1" 200 16507
[27/Jul/2026 02:47:57] "GET /api/browse/?path=%2FDHAKA-FLIX-14%2FIMDb%2520Top-250%2520Movies%2F014.%2520Inception%2520%25282010%2529%25201080p%2520%255BDual%2520Audio%255D%2F HTTP/1.1" 200 765
[27/Jul/2026 02:47:57] "GET /api/browse/?path=%2FDHAKA-FLIX-7%2FEnglish%2520Movies%2F%25282024%2529%2FA%2520Family%2520Affair%2520%25282024%2529%2520720p%2520NF%2520%255BDual%2520Audio%255D%2F HTTP/1.1" 200 801
[27/Jul/2026 02:47:57] "GET /api/browse/?path=%2FDHAKA-FLIX-7%2FEnglish%2520Movies%2F%25282024%2529%2FA%2520Game%2520in%2520the%2520Woods%2520%25282024%2529%2520720p%2520AMZN%2520%255BDual%2520Audio%255D%2F HTTP/1.1" 200 861
[27/Jul/2026 02:47:57] "GET /api/browse/?path=%2FDHAKA-FLIX-14%2FAnimation%2520Movies%2520%25281080p%2529%2FAkira%2520%25281988%2529%25201080p%2520%255BDual%2520Audio%255D%2F HTTP/1.1" 200 747
[27/Jul/2026 02:47:57] "GET /api/browse/?path=%2FDHAKA-FLIX-7%2FEnglish%2520Movies%2F%25282024%2529%2FA%2520Journey%2520%25282024%2529%2520720p%2520NF%2520%255BDual%2520Audio%255D%2F HTTP/1.1" 200 763
[27/Jul/2026 02:47:57] "GET /api/browse/?path=%2FDHAKA-FLIX-7%2FEnglish%2520Movies%2F%25282024%2529%2FA%2520Mistake%2520%25282024%2529%2520720p%2520WEBRip%2F HTTP/1.1" 200 606
[27/Jul/2026 02:47:57] "GET /api/browse/?path=%2FDHAKA-FLIX-14%2FIMDb%2520Top-250%2520Movies%2F015.%2520Dune-Part%2520Two%2520%25282024%2529%2520%2528Coming%2520Soon%2529%2F HTTP/1.1" 200 351
[27/Jul/2026 02:47:57] "GET /api/browse/?path=%2FDHAKA-FLIX-14%2FKOREAN%2520TV%2520%2526%2520WEB%2520Series%2FA%2520Korean%2520Odyssey%2520%2528TV%2520Series%25202017%25E2%2580%2593%2520%2529%2520720p%2F HTTP/1.1" 200 895
[27/Jul/2026 02:47:57] "GET /api/browse/?path=%2FDHAKA-FLIX-14%2FAnimation%2520Movies%2520%25281080p%2529%2FAladdin%2520%25281992%2529%25201080p%2F HTTP/1.1" 200 652
[27/Jul/2026 02:47:57] "GET /api/browse/?path=%2FDHAKA-FLIX-14%2FHindi%2520Movies%2F%25282009%2529%2F HTTP/1.1" 200 19983
[27/Jul/2026 02:47:57] "GET /api/browse/?path=%2FDHAKA-FLIX-14%2FHindi%2520Movies%2F%25282003%2529%2FAanch%2520%25282003%2529%2520720p%2F HTTP/1.1" 200 594
[27/Jul/2026 02:47:57] "GET /api/proxy/?url=http%3A%2F%2F172.16.50.7%2FDHAKA-FLIX-7%2FEnglish%2520Movies%2F%25282024%2529%2FA%2520Family%2520Affair%2520%25282024%2529%2520720p%2520NF%2520%255BDual%2520Audio%255D%2Fa_AL_.jpg HTTP/1.1" 200 214930
[27/Jul/2026 02:47:57] "GET /api/browse/?path=%2FDHAKA-FLIX-14%2FHindi%2520Movies%2F%25282003%2529%2F3%2520Deewarein%2520%25282003%2529%25201080p%2F HTTP/1.1" 200 651
[27/Jul/2026 02:47:57] "GET /api/browse/?path=%2FDHAKA-FLIX-7%2FEnglish%2520Movies%2F%25282024%2529%2FA%2520Nice%2520Indian%2520Boy%2520%25282024%2529%2520720p%2520AMZN%2520%255BDual%2520Audio%255D%2F HTTP/1.1" 200 829
[27/Jul/2026 02:47:57] "GET /api/browse/?path=%2FDHAKA-FLIX-14%2FHindi%2520Movies%2F%25282010%2529%2F HTTP/1.1" 200 25159
[27/Jul/2026 02:47:57] "GET /api/browse/?path=%2FDHAKA-FLIX-14%2FIMDb%2520Top-250%2520Movies%2F016.%2520Star%2520Wars-Episode%2520V%2520-%2520The%2520Empire%2520Strikes%2520Back%2520%25281980%2529%25201080p%2520%255BDual%2520Audio%255D%2F HTTP/1.1" 200 949
[27/Jul/2026 02:47:57] "GET /api/browse/?path=%2FDHAKA-FLIX-14%2FHindi%2520Movies%2F%25282004%2529%2FAan%2520%25282004%2529%25201080p%2F HTTP/1.1" 200 627
[27/Jul/2026 02:47:57] "GET /api/browse/?path=%2FDHAKA-FLIX-14%2FKOREAN%2520TV%2520%2526%2520WEB%2520Series%2FA%2520Model%2520Family%2520%2528TV%2520Series%25202022%25E2%2580%2593%2520%2529%2520720p%2520%255BMulti%2520Audio%255D%2F HTTP/1.1" 200 929
[27/Jul/2026 02:47:57] "GET /api/browse/?path=%2FDHAKA-FLIX-14%2FAnimation%2520Movies%2520%25281080p%2529%2FAladdin%2520and%2520the%2520King%2520of%2520Thieves%2520%25281996%2529%25201080p%2F HTTP/1.1" 200 780
[27/Jul/2026 02:47:57] "GET /api/browse/?path=%2FDHAKA-FLIX-14%2FHindi%2520Movies%2F%25282004%2529%2FAb%2520Tak%2520Chhappan%2520%25282004%2529%25201080p%2F HTTP/1.1" 200 677
[27/Jul/2026 02:47:57] "GET /api/proxy/?url=http%3A%2F%2F172.16.50.7%2FDHAKA-FLIX-7%2FEnglish%2520Movies%2F%25282024%2529%2FA%2520Journey%2520%25282024%2529%2520720p%2520NF%2520%255BDual%2520Audio%255D%2Fa_AL_.jpg HTTP/1.1" 200 557515
[27/Jul/2026 02:47:57] "GET /api/browse/?path=%2FDHAKA-FLIX-7%2FEnglish%2520Movies%2F%25282024%2529%2FA%2520Part%2520of%2520You%2520%25282024%2529%2520720p%2520NF%2520%255BDual%2520Audio%255D%2F HTTP/1.1" 200 799
[27/Jul/2026 02:47:57] "GET /api/browse/?path=%2FDHAKA-FLIX-14%2FHindi%2520Movies%2F%25282011%2529%2F HTTP/1.1" 200 23569
[27/Jul/2026 02:47:57] "GET /api/browse/?path=%2FDHAKA-FLIX-14%2FKOREAN%2520TV%2520%2526%2520WEB%2520Series%2FA%2520Piece%2520of%2520Your%2520Mind%2520%2528TV%2520Series%25202020%2529%2520720p%2520%255BDual%2520Audio%255D%2F HTTP/1.1" 200 995
[27/Jul/2026 02:47:57] "GET /api/browse/?path=%2FDHAKA-FLIX-14%2FAnimation%2520Movies%2520%25281080p%2529%2FAlice%2520in%2520Wonderland%2520%25281951%2529%25201080p%2F HTTP/1.1" 200 714
[27/Jul/2026 02:47:57] "GET /api/browse/?path=%2FDHAKA-FLIX-14%2FIMDb%2520Top-250%2520Movies%2F017.%2520The%2520Matrix%2520%25281999%2529%25201080p%2520%255BDual%2520Audio%255D%2F HTTP/1.1" 200 786
[27/Jul/2026 02:47:57] "GET /api/browse/?path=%2FDHAKA-FLIX-7%2FEnglish%2520Movies%2F%25282024%2529%2FA%2520Different%2520Man%2520%25282024%2529%2520720p%2520%255BDual%2520Audio%255D%2F HTTP/1.1" 200 786
[27/Jul/2026 02:47:57] "GET /api/proxy/?url=http%3A%2F%2F172.16.50.7%2FDHAKA-FLIX-7%2FEnglish%2520Movies%2F%25282024%2529%2FA%2520Game%2520in%2520the%2520Woods%2520%25282024%2529%2520720p%2520AMZN%2520%255BDual%2520Audio%255D%2Fa_AL_.jpg HTTP/1.1" 200 1217404
[27/Jul/2026 02:47:57] "GET /api/proxy/?url=http%3A%2F%2F172.16.50.7%2FDHAKA-FLIX-7%2FEnglish%2520Movies%2F%25282024%2529%2FA%2520Mistake%2520%25282024%2529%2520720p%2520WEBRip%2Fa_AL_.jpg HTTP/1.1" 200 209223
[27/Jul/2026 02:47:57] "GET /api/browse/?path=%2FDHAKA-FLIX-14%2FKOREAN%2520TV%2520%2526%2520WEB%2520Series%2FA%2520Shop%2520for%2520Killers%2520%2528TV%2520Series%25202024%25E2%2580%2593%2520%2529%25201080p%2520%255BDual%2520Audio%255D%2F HTTP/1.1" 200 696
[27/Jul/2026 02:47:57] "GET /api/browse/?path=%2FDHAKA-FLIX-14%2FHindi%2520Movies%2F%25282012%2529%2F HTTP/1.1" 200 21009
[27/Jul/2026 02:47:57] "GET /api/browse/?path=%2FDHAKA-FLIX-7%2FEnglish%2520Movies%2F%25282024%2529%2FA%2520Quiet%2520Place-Day%2520One%2520%25282024%2529%2520720p%2520AMZN%2520%255BDual%2520Audio%255D%2F HTTP/1.1" 200 849
[27/Jul/2026 02:47:57] "GET /api/browse/?path=%2FDHAKA-FLIX-14%2FIMDb%2520Top-250%2520Movies%2F018.%2520Goodfellas%2520%25281990%2529%25201080p%2F HTTP/1.1" 200 657
[27/Jul/2026 02:47:57] "GET /api/browse/?path=%2FDHAKA-FLIX-14%2FAnimation%2520Movies%2520%25281080p%2529%2FAn%2520American%2520Tail%2520%25281986%2529%25201080p%2520%255BDual%2520Audio%255D%2F HTTP/1.1" 200 828
[27/Jul/2026 02:47:57] "GET /api/browse/?path=%2FDHAKA-FLIX-14%2FHindi%2520Movies%2F%25282013%2529%2F HTTP/1.1" 200 28894
[27/Jul/2026 02:47:57] "GET /api/browse/?path=%2FDHAKA-FLIX-14%2FKOREAN%2520TV%2520%2526%2520WEB%2520Series%2FA%2520Time%2520Called%2520You%2520%2528TV%2520Series%25202023%25E2%2580%2593%2520%2529%2520720p%2520%255BMulti%2520Audio%255D%2F HTTP/1.1" 200 949
[27/Jul/2026 02:47:57] "GET /api/browse/?path=%2FDHAKA-FLIX-14%2FHindi%2520Movies%2F%25282005%2529%2F7%25201.2%2520Phere-More%2520Than%2520a%2520Wedding%2520%25282005%2529%25201080p%2F HTTP/1.1" 200 733
[27/Jul/2026 02:47:57] "GET /api/browse/?path=%2FDHAKA-FLIX-7%2FEnglish%2520Movies%2F%25282024%2529%2FA%2520Real%2520Pain%2520%25282024%2529%2520720p%2520WEBRip%2F HTTP/1.1" 200 614
[27/Jul/2026 02:47:57] "GET /api/browse/?path=%2FDHAKA-FLIX-14%2FHindi%2520Movies%2F%25282005%2529%2F15%2520Park%2520Avenue%2520%25282005%2529%2520480p%2F HTTP/1.1" 200 641
[27/Jul/2026 02:47:57] "GET /api/browse/?path=%2FDHAKA-FLIX-14%2FAnimation%2520Movies%2520%25281080p%2529%2FAngel%2527s%2520Egg%2520%25281985%2529%25201080p%2F HTTP/1.1" 200 676
[27/Jul/2026 02:47:57] "GET /api/browse/?path=%2FDHAKA-FLIX-14%2FIMDb%2520Top-250%2520Movies%2F019.%2520One%2520Flew%2520Over%2520the%2520Cuckoo%2527s%2520Nest%2520%25281975%2529%25201080p%2F HTTP/1.1" 200 804
[27/Jul/2026 02:47:57] "GET /api/proxy/?url=http%3A%2F%2F172.16.50.7%2FDHAKA-FLIX-7%2FEnglish%2520Movies%2F%25282024%2529%2FA%2520Different%2520Man%2520%25282024%2529%2520720p%2520%255BDual%2520Audio%255D%2Fa_AL_.jpg HTTP/1.1" 200 135666
[27/Jul/2026 02:47:57] "GET /api/browse/?path=%2FDHAKA-FLIX-14%2FHindi%2520Movies%2F%25282006%2529%2F36%2520China%2520Town%2520%25282006%2529%25201080p%2F HTTP/1.1" 200 663
[27/Jul/2026 02:47:57] "GET /api/browse/?path=%2FDHAKA-FLIX-14%2FHindi%2520Movies%2F%25282006%2529%2FAap%2520Ki%2520Khatir%2520%25282006%2529%25201080p%2F HTTP/1.1" 200 669
[27/Jul/2026 02:47:57] "GET /api/browse/?path=%2FDHAKA-FLIX-14%2FHindi%2520Movies%2F%25282014%2529%2F HTTP/1.1" 200 28948
[27/Jul/2026 02:47:57] "GET /api/browse/?path=%2FDHAKA-FLIX-14%2FAnimation%2520Movies%2520%25281080p%2529%2FAnohana%2520the%2520Movie-The%2520Flower%2520We%2520Saw%2520That%2520Day%2520%25282013%2529%25201080p%2F HTTP/1.1" 200 875
[27/Jul/2026 02:47:57] "GET /api/browse/?path=%2FDHAKA-FLIX-14%2FKOREAN%2520TV%2520%2526%2520WEB%2520Series%2FA%2520Witch%2527s%2520Love%2520%2528TV%2520Series%25202014%25E2%2580%2593%2520%2529%2520720p%2F HTTP/1.1" 200 893
[27/Jul/2026 02:47:57] "GET /api/browse/?path=%2FDHAKA-FLIX-14%2FIMDb%2520Top-250%2520Movies%2F020.%2520Se7en%2520%25281995%2529%25201080p%2520%255BDual%2520Audio%255D%2F HTTP/1.1" 200 753
[27/Jul/2026 02:47:57] "GET /api/browse/?path=%2FDHAKA-FLIX-7%2FEnglish%2520Movies%2F%25282024%2529%2FA%2520Song%2520from%2520the%2520Dark%2520%25282024%2529%2520720p%2520WEBRip%2F HTTP/1.1" 200 689
[27/Jul/2026 02:47:57] "GET /api/browse/?path=%2FDHAKA-FLIX-7%2FEnglish%2520Movies%2F%25282024%2529%2FAbigail%2520%25282024%2529%2520720p%2520AMZN%2520%255BDual%2520Audio%255D%2F HTTP/1.1" 200 753
[27/Jul/2026 02:47:57] "GET /api/browse/?path=%2FDHAKA-FLIX-7%2FEnglish%2520Movies%2F%25282024%2529%2FA%2520Family%2520Affair%2520%25282024%2529%2520720p%2520NF%2520%255BDual%2520Audio%255D%2F HTTP/1.1" 200 801
[27/Jul/2026 02:47:57] "GET /api/browse/?path=%2FDHAKA-FLIX-14%2FHindi%2520Movies%2F%25282007%2529%2F1971%2520%25282007%2529%2520720p%2F HTTP/1.1" 200 587
[27/Jul/2026 02:47:57] "GET /api/browse/?path=%2FDHAKA-FLIX-14%2FAnimation%2520Movies%2520%25281080p%2529%2FAnother%2520Day%2520of%2520Life%2520%25282018%2529%25201080p%2F HTTP/1.1" 200 676
[27/Jul/2026 02:47:57] "GET /api/browse/?path=%2FDHAKA-FLIX-14%2FHindi%2520Movies%2F%25282007%2529%2FAaja%2520Nachle%2520%25282007%2529%25201080p%2F HTTP/1.1" 200 635
[27/Jul/2026 02:47:57] "GET /api/browse/?path=%2FDHAKA-FLIX-14%2FKOREAN%2520TV%2520%2526%2520WEB%2520Series%2FA-TEEN%2520%2528TV%2520Series%25202018%25E2%2580%25932019%2529%25201080p%2F HTTP/1.1" 200 1104
[27/Jul/2026 02:47:57] "GET /api/browse/?path=%2FDHAKA-FLIX-14%2FKOREAN%2520TV%2520%2526%2520WEB%2520Series%2FAbout%2520Time%2520%2528TV%2520Series%25202018%25E2%2580%2593%2520%2529%2520720p%2F HTTP/1.1" 200 861
[27/Jul/2026 02:47:57] "GET /api/browse/?path=%2FDHAKA-FLIX-7%2FEnglish%2520Movies%2F%25282024%2529%2FAbsolution%2520%25282024%2529%2520720p%2520%255BDual%2520Audio%255D%2F HTTP/1.1" 200 743
[27/Jul/2026 02:47:57] "GET /api/browse/?path=%2FDHAKA-FLIX-14%2FHindi%2520Movies%2F%25282008%2529%2F1920%2520%25282008%2529%25201080p%2F HTTP/1.1" 200 616
[27/Jul/2026 02:47:57] "GET /api/browse/?path=%2FDHAKA-FLIX-7%2FEnglish%2520Movies%2F%25282024%2529%2FAfraid%2520%25282024%2529%2520720p%2520%255BDual%2520Audio%255D%2F HTTP/1.1" 200 723
[27/Jul/2026 02:47:57] "GET /api/browse/?path=%2FDHAKA-FLIX-14%2FHindi%2520Movies%2F%25282008%2529%2FA%2520Wednesday%2520%25282008%2529%25201080p%2F HTTP/1.1" 200 655
[27/Jul/2026 02:47:57] "GET /api/browse/?path=%2FDHAKA-FLIX-14%2FAnimation%2520Movies%2520%25281080p%2529%2FArco%2520%25282025%2529%25201080p%2520AMZN%2F HTTP/1.1" 200 652
[27/Jul/2026 02:47:57] "GET /api/browse/?path=%2FDHAKA-FLIX-14%2FKOREAN%2520TV%2520%2526%2520WEB%2520Series%2FAbyss%2520%2528TV%2520Series%25202019%2529%2520720p%2F HTTP/1.1" 200 785
[27/Jul/2026 02:47:57] "GET /api/browse/?path=%2FDHAKA-FLIX-7%2FEnglish%2520Movies%2F%25282024%2529%2FAftermath%2520%25282024%2529%2520720p%2F HTTP/1.1" 200 573
[27/Jul/2026 02:47:57] "GET /api/browse/?path=%2FDHAKA-FLIX-14%2FHindi%2520Movies%2F%25282009%2529%2F3%2520Idiots%2520%25282009%2529%25201080p%2F HTTP/1.1" 200 979
[27/Jul/2026 02:47:57] "GET /api/browse/?path=%2FDHAKA-FLIX-14%2FKOREAN%2520TV%2520%2526%2520WEB%2520Series%2FAdamas%2520%2528TV%2520Series%25202022%2529%2520720p%2520%255BDual%2520Audio%255D%2F HTTP/1.1" 200 603
[27/Jul/2026 02:47:57] "GET /api/browse/?path=%2FDHAKA-FLIX-14%2FHindi%2520Movies%2F%25282009%2529%2F13B-Fear%2520Has%2520a%2520New%2520Address%2520%25282009%2529%25201080p%2F HTTP/1.1" 200 746
[27/Jul/2026 02:47:58] "GET /api/browse/?path=%2FDHAKA-FLIX-7%2FEnglish%2520Movies%2F%25282024%2529%2FAgent%2520Recon%2520%25282024%2529%2520720p%2520AMZN%2520%255BDual%2520Audio%255D%2F HTTP/1.1" 200 781
[27/Jul/2026 02:47:58] "GET /api/browse/?path=%2FDHAKA-FLIX-7%2FEnglish%2520Movies%2F%25282024%2529%2FA%2520Different%2520Man%2520%25282024%2529%2520720p%2520%255BDual%2520Audio%255D%2F HTTP/1.1" 200 786
[27/Jul/2026 02:47:58] "GET /api/browse/?path=%2FDHAKA-FLIX-14%2FKOREAN%2520TV%2520%2526%2520WEB%2520Series%2FAema%2520%2528TV%2520Mini%2520Series%25202025%2529%2520720p%2520%255BMulti%2520Audio%255D%2F HTTP/1.1" 200 621
[27/Jul/2026 02:47:58] "GET /api/browse/?path=%2FDHAKA-FLIX-7%2FEnglish%2520Movies%2F%25282024%2529%2FAir%2520Force%2520One%2520Down%2520%25282024%2529%2520720p%2520WEBRip%2F HTTP/1.1" 200 673
[27/Jul/2026 02:47:58] "GET /api/browse/?path=%2FDHAKA-FLIX-14%2FHindi%2520Movies%2F%25282010%2529%2FAakhari%2520Decision%2520%25282010%2529%2F HTTP/1.1" 200 540
[27/Jul/2026 02:47:58] "GET /api/browse/?path=%2FDHAKA-FLIX-14%2FHindi%2520Movies%2F%25282010%2529%2FA%2520Flat%2520%25282010%2529%2F HTTP/1.1" 200 490
[27/Jul/2026 02:47:58] "GET /api/browse/?path=%2FDHAKA-FLIX-14%2FHindi%2520Movies%2F%25282011%2529%2F404-Error%2520Not%2520Found%2520%25282011%2529%25201080p%2F HTTP/1.1" 200 695
[27/Jul/2026 02:47:58] "GET /api/browse/?path=%2FDHAKA-FLIX-14%2FHindi%2520Movies%2F%25282011%2529%2F7%2520Khoon%2520Maaf%2520%25282011%2529%25201080p%2F HTTP/1.1" 200 660
[27/Jul/2026 02:47:58] "GET /api/browse/?path=%2FDHAKA-FLIX-7%2FEnglish%2520Movies%2F%25282024%2529%2FAlien-Romulus%2520%25282024%2529%2520720p%2520%255BDual%2520Audio%255D%2F HTTP/1.1" 200 760
[27/Jul/2026 02:47:58] "GET /api/browse/?path=%2FDHAKA-FLIX-7%2FEnglish%2520Movies%2F%25282024%2529%2FAll%2520of%2520You%2520%25282024%2529%2520720p%2520WEBRip%2F HTTP/1.1" 200 609
[27/Jul/2026 02:47:58] "GET /api/browse/?path=%2FDHAKA-FLIX-14%2FHindi%2520Movies%2F%25282012%2529%2F3%2520Bachelors%2520%25282012%2529%25201080p%2F HTTP/1.1" 200 631
[27/Jul/2026 02:47:58] "GET /api/browse/?path=%2FDHAKA-FLIX-14%2FHindi%2520Movies%2F%25282012%2529%2F1920-Evil%2520Returns%2520%25282012%2529%25201080p%2F HTTP/1.1" 200 692
[27/Jul/2026 02:47:58] "GET /api/browse/?path=%2FDHAKA-FLIX-14%2FHindi%2520Movies%2F%25282013%2529%2F3G%2520-%2520A%2520Killer%2520Connection%2520%25282013%2529%25201080p%2F HTTP/1.1" 200 742
[27/Jul/2026 02:47:58] "GET /api/browse/?path=%2FDHAKA-FLIX-14%2FHindi%2520Movies%2F%25282013%2529%2F3G%2520-%2520A%2520Killer%2520Connection%2520%25282013%2529%2520720p%2F HTTP/1.1" 200 697
[27/Jul/2026 02:47:58] "GET /api/proxy/?url=http%3A%2F%2F172.16.50.14%2FDHAKA-FLIX-14%2FIMDb%2520Top-250%2520Movies%2F002.%2520The%2520Godfather%2520%25281972%2529%25201080p%2520%255BDual%2520Audio%255D%2Fa11.jpg HTTP/1.1" 200 55443
[27/Jul/2026 02:47:58] "GET /api/browse/?path=%2FDHAKA-FLIX-14%2FHindi%2520Movies%2F%25282014%2529%2F2%2520States%2520%25282014%2529%25201080p%2F HTTP/1.1" 200 632
[27/Jul/2026 02:47:58] "GET /api/browse/?path=%2FDHAKA-FLIX-14%2FHindi%2520Movies%2F%25282014%2529%2F18.11...A%2520Code%2520of%2520Secrecy...%2521%2520%25282014%2529%2520720p%2F HTTP/1.1" 200 1362
[27/Jul/2026 02:47:58] "GET /api/browse/?path=%2FDHAKA-FLIX-14%2FEnglish%2520Movies%2520%25281080p%2529%2F HTTP/1.1" 200 6118
[27/Jul/2026 02:47:58] "GET /api/browse/?path=%2FDHAKA-FLIX-14%2FEnglish%2520Movies%2520%25281080p%2529%2F HTTP/1.1" 200 6118
[27/Jul/2026 02:47:58] "GET /api/proxy/?url=http%3A%2F%2F172.16.50.14%2FDHAKA-FLIX-14%2FIMDb%2520Top-250%2520Movies%2F005.%252012%2520Angry%2520Men%2520%25281957%2529%25201080p%2Fa11.jpg HTTP/1.1" 200 91686
[27/Jul/2026 02:47:58] "GET /api/proxy/?url=http%3A%2F%2F172.16.50.14%2FDHAKA-FLIX-14%2FIMDb%2520Top-250%2520Movies%2F004.%2520The%2520Godfather-Part%2520II%2520%25281974%2529%25201080p%2520%255BDual%2520Audio%255D%2Fa11.jpg HTTP/1.1" 200 72304
[27/Jul/2026 02:47:58] "GET /api/proxy/?url=http%3A%2F%2F172.16.50.14%2FDHAKA-FLIX-14%2FIMDb%2520Top-250%2520Movies%2F001.%2520The%2520Shawshank%2520Redemption%2520%25281994%2529%25201080p%2520%255BDual%2520Audio%255D%2Fa11.jpg HTTP/1.1" 200 328784
[27/Jul/2026 02:47:58] "GET /api/proxy/?url=http%3A%2F%2F172.16.50.14%2FDHAKA-FLIX-14%2FIMDb%2520Top-250%2520Movies%2F003.%2520The%2520Dark%2520Knight%2520%25282008%2529%25201080p%2520%255BDual%2520Audio%255D%2Fa11.jpg HTTP/1.1" 200 906124
[27/Jul/2026 02:47:58] "GET /api/proxy/?url=http%3A%2F%2F172.16.50.14%2FDHAKA-FLIX-14%2FIMDb%2520Top-250%2520Movies%2F006.%2520Schindler%2527s%2520List%2520%25281993%2529%25201080p%2520%255BDual%2520Audio%255D%2Fa11.jpg HTTP/1.1" 200 141549
[27/Jul/2026 02:47:58] "GET /api/browse/?path=%2FDHAKA-FLIX-14%2FEnglish%2520Movies%2520%25281080p%2529%2F%25281995%2529%25201080p%2520%2526%2520Before%2F HTTP/1.1" 200 50623
[27/Jul/2026 02:47:58] "GET /api/proxy/?url=http%3A%2F%2F172.16.50.14%2FDHAKA-FLIX-14%2FHindi%2520Movies%2F%25281997%2529%2FAastha-In%2520the%2520Prison%2520of%2520Spring%2520%25281997%2529%2F82434-large.jpg HTTP/1.1" 200 17971
[27/Jul/2026 02:47:58] "GET /api/browse/?path=%2FDHAKA-FLIX-14%2FEnglish%2520Movies%2520%25281080p%2529%2F%25281995%2529%25201080p%2520%2526%2520Before%2F HTTP/1.1" 200 50623
[27/Jul/2026 02:47:58] "GET /api/proxy/?url=http%3A%2F%2F172.16.50.14%2FDHAKA-FLIX-14%2FHindi%2520Movies%2F%25281998%2529%2FAchanak%2520%25281998%2529%25201080p%2Fa_AL_.jpg HTTP/1.1" 200 163981
[27/Jul/2026 02:47:58] "GET /api/proxy/?url=http%3A%2F%2F172.16.50.14%2FDHAKA-FLIX-14%2FIMDb%2520Top-250%2520Movies%2F007.%2520The%2520Lord%2520of%2520the%2520Rings-The%2520Return%2520of%2520the%2520King%2520%25282003%2529%25201080p%2520%255BDual%2520Audio%255D%2Fa11.jpg HTTP/1.1" 200 365108
[27/Jul/2026 02:47:58] "GET /api/proxy/?url=http%3A%2F%2F172.16.50.14%2FDHAKA-FLIX-14%2FHindi%2520Movies%2F%25282000%2529%2FAgniputra%2520%25282000%2529%25201080p%2Fa_AL_.jpg HTTP/1.1" 200 172962
[27/Jul/2026 02:47:58] "GET /api/proxy/?url=http%3A%2F%2F172.16.50.14%2FDHAKA-FLIX-14%2FHindi%2520Movies%2F%25281996%2529%2FAjay%2520%25281996%2529%25201080p%2Fa_AL_.jpg HTTP/1.1" 200 193881
[27/Jul/2026 02:47:58] "GET /api/browse/?path=%2FDHAKA-FLIX-14%2FEnglish%2520Movies%2520%25281080p%2529%2F%25281995%2529%25201080p%2520%2526%2520Before%2F2010-The%2520Year%2520We%2520Make%2520Contact%2520%25281984%2529%25201080p%2F HTTP/1.1" 200 888
[27/Jul/2026 02:47:58] "GET /api/browse/?path=%2FDHAKA-FLIX-14%2FEnglish%2520Movies%2520%25281080p%2529%2F%25281995%2529%25201080p%2520%2526%2520Before%2F2001-A%2520Space%2520Odyssey%2520%25281968%2529%25201080p%2F HTTP/1.1" 200 781
[27/Jul/2026 02:47:58] "GET /api/browse/?path=%2FDHAKA-FLIX-14%2FEnglish%2520Movies%2520%25281080p%2529%2F%25281995%2529%25201080p%2520%2526%2520Before%2F2010-The%2520Year%2520We%2520Make%2520Contact%2520%25281984%2529%25201080p%2F HTTP/1.1" 200 888
[27/Jul/2026 02:47:58] "GET /api/browse/?path=%2FDHAKA-FLIX-14%2FEnglish%2520Movies%2520%25281080p%2529%2F%25281995%2529%25201080p%2520%2526%2520Before%2F2001-A%2520Space%2520Odyssey%2520%25281968%2529%25201080p%2F HTTP/1.1" 200 781
[27/Jul/2026 02:47:58] "GET /api/proxy/?url=http%3A%2F%2F172.16.50.14%2FDHAKA-FLIX-14%2FHindi%2520Movies%2F%25281999%2529%2FAa%2520Ab%2520Laut%2520Chalen%2520%25281999%2529%25201080p%2Fa11.jpg HTTP/1.1" 200 88276
[27/Jul/2026 02:47:58] "GET /api/proxy/?url=http%3A%2F%2F172.16.50.14%2FDHAKA-FLIX-14%2FAnimation%2520Movies%2520%25281080p%2529%2F009%2520Re-Cyborg%2520%25282012%2529%25201080p%2520%255BDual%2520Audio%255D%2Fa_AL_.jpg HTTP/1.1" 200 56398
[27/Jul/2026 02:47:58] "GET /api/proxy/?url=http%3A%2F%2F172.16.50.14%2FDHAKA-FLIX-14%2FIMDb%2520Top-250%2520Movies%2F008.%2520Pulp%2520Fiction%2520%25281994%2529%25201080p%2Fa11.jpg HTTP/1.1" 200 630424
[27/Jul/2026 02:47:58] "GET /api/proxy/?url=http%3A%2F%2F172.16.50.14%2FDHAKA-FLIX-14%2FAnimation%2520Movies%2520%25281080p%2529%2F5%2520Centimeters%2520Per%2520Second%2520%25282007%2529%25201080p%2520%255BMulti%2520Audio%255D%2Fa_AL_.jpg HTTP/1.1" 200 143494
[27/Jul/2026 02:47:58] "GET /api/proxy/?url=http%3A%2F%2F172.16.50.14%2FDHAKA-FLIX-14%2FAnimation%2520Movies%2520%25281080p%2529%2F100%2520Meters%2520%25282025%2529%25201080p%2520NF%2520%255BDual%2520Audio%255D%2Fa_AL_.jpg HTTP/1.1" 200 144596
[27/Jul/2026 02:47:58] "GET /api/browse/?path=%2FDHAKA-FLIX-14%2FEnglish%2520Movies%2520%25281080p%2529%2F%25281996%2529%25201080p%2F HTTP/1.1" 200 17701
[27/Jul/2026 02:47:58] "GET /api/browse/?path=%2FDHAKA-FLIX-14%2FEnglish%2520Movies%2520%25281080p%2529%2F%25281996%2529%25201080p%2F HTTP/1.1" 200 17701
[27/Jul/2026 02:47:58] "GET /api/proxy/?url=http%3A%2F%2F172.16.50.14%2FDHAKA-FLIX-14%2FAnimation%2520Movies%2520%25281080p%2529%2FA%2520Christmas%2520Carol%2520%25282009%2529%25201080p%2Fa_AL_.jpg HTTP/1.1" 200 144659
[27/Jul/2026 02:47:58] "GET /api/proxy/?url=http%3A%2F%2F172.16.50.14%2FDHAKA-FLIX-14%2FAnimation%2520Movies%2520%25281080p%2529%2F7%2520Days%2520War%2520%25282019%2529%25201080p%2Fa_AL_.jpg HTTP/1.1" 200 250624
[27/Jul/2026 02:47:58] "GET /api/proxy/?url=http%3A%2F%2F172.16.50.14%2FDHAKA-FLIX-14%2FAnimation%2520Movies%2520%25281080p%2529%2FA%2520Bug%2527s%2520Life%2520%25281998%2529%25201080p%2Fa6Sjj.jpg HTTP/1.1" 200 441275
[27/Jul/2026 02:47:58] "GET /api/browse/?path=%2FDHAKA-FLIX-14%2FEnglish%2520Movies%2520%25281080p%2529%2F%25281996%2529%25201080p%2FBarb%2520Wire%2520%25281996%2529%25201080p%2F HTTP/1.1" 200 845
[27/Jul/2026 02:47:58] "GET /api/proxy/?url=http%3A%2F%2F172.16.50.14%2FDHAKA-FLIX-14%2FHindi%2520Movies%2F%25281995%2529%2520%2526%2520Before%2F100%2520Days%2520%25281991%2529%25201080p%2Fa_AL_.jpg HTTP/1.1" 200 151261
[27/Jul/2026 02:47:58] "GET /api/browse/?path=%2FDHAKA-FLIX-14%2FEnglish%2520Movies%2520%25281080p%2529%2F%25281996%2529%25201080p%2FBarb%2520Wire%2520%25281996%2529%25201080p%2F HTTP/1.1" 200 845
[27/Jul/2026 02:47:58] "GET /api/browse/?path=%2FDHAKA-FLIX-14%2FEnglish%2520Movies%2520%25281080p%2529%2F%25281996%2529%25201080p%2FA%2520Time%2520to%2520Kill%2520%25281996%2529%25201080p%2F HTTP/1.1" 200 1139
[27/Jul/2026 02:47:58] "GET /api/proxy/?url=http%3A%2F%2F172.16.50.12%2FDHAKA-FLIX-12%2FTV-WEB-Series%2FTV%2520Series%2520%25E2%2598%2585%2520%25200%2520%2520%25E2%2580%2594%2520%25209%2F10%2520Things%2520I%2520Hate%2520About%2520You%2520%2528TV%2520Series%25202009%25E2%2580%25932010%2529%2520720p%2Fa_AL_.jpg HTTP/1.1" 200 73271
[27/Jul/2026 02:47:58] "GET /api/browse/?path=%2FDHAKA-FLIX-14%2FEnglish%2520Movies%2520%25281080p%2529%2F%25281996%2529%25201080p%2FA%2520Time%2520to%2520Kill%2520%25281996%2529%25201080p%2F HTTP/1.1" 200 1139
[27/Jul/2026 02:47:58] "GET /api/proxy/?url=http%3A%2F%2F172.16.50.14%2FDHAKA-FLIX-14%2FAnimation%2520Movies%2520%25281080p%2529%2FA%2520Letter%2520to%2520Momo%2520%25282011%2529%25201080p%2520%255BDual%2520Audio%255D%2Fa_AL_.jpg HTTP/1.1" 200 121701
[27/Jul/2026 02:47:58] "GET /api/proxy/?url=http%3A%2F%2F172.16.50.12%2FDHAKA-FLIX-12%2FTV-WEB-Series%2FTV%2520Series%2520%25E2%2599%25A5%2520%2520A%2520%2520%25E2%2580%2594%2520%2520L%2FA%2520Discovery%2520of%2520Witches%2520%2528TV%2520Series%25202018%25E2%2580%25932022%2529%25201080p%2Fa_AL_.jpg HTTP/1.1" 200 61015
[27/Jul/2026 02:47:58] "GET /api/proxy/?url=http%3A%2F%2F172.16.50.12%2FDHAKA-FLIX-12%2FTV-WEB-Series%2FTV%2520Series%2520%25E2%2599%25A6%2520%2520S%2520%2520%25E2%2580%2594%2520%2520Z%2FS.W.A.T.%2520%2528TV%2520Series%25202017%25E2%2580%25932025%2529%2520720p%2520%255BDual%2520Audio%255D%2Fa_AL_.jpg HTTP/1.1" 200 120085
[27/Jul/2026 02:47:58] "GET /api/proxy/?url=http%3A%2F%2F172.16.50.12%2FDHAKA-FLIX-12%2FTV-WEB-Series%2FTV%2520Series%2520%25E2%2599%25A6%2520%2520M%2520%2520%25E2%2580%2594%2520%2520R%2FMaamla%2520Legal%2520Hai%2520%2528TV%2520Series%25202024%25E2%2580%2593%2520%2529%2520720p%2Fa_AL_.jpg HTTP/1.1" 200 169106
[27/Jul/2026 02:47:58] "GET /api/proxy/?url=http%3A%2F%2F172.16.50.14%2FDHAKA-FLIX-14%2FAnimation%2520Movies%2520%25281080p%2529%2FA%2520Shaun%2520the%2520Sheep%2520Movie-Farmageddon%2520%25282019%2529%25201080p%2Fa_AL_.jpg HTTP/1.1" 200 144657
[27/Jul/2026 02:47:58] "GET /api/proxy/?url=http%3A%2F%2F172.16.50.14%2FDHAKA-FLIX-14%2FKOREAN%2520TV%2520%2526%2520WEB%2520Series%2F100%2520Days%2520My%2520Prince%2520%2528TV%2520Series%25202018%2529%2520720p%2Fa_AL_.jpg HTTP/1.1" 200 59567
[27/Jul/2026 02:47:58] "GET /api/browse/?path=%2FDHAKA-FLIX-14%2FEnglish%2520Movies%2520%25281080p%2529%2F%25281997%2529%25201080p%2F HTTP/1.1" 200 18475
[27/Jul/2026 02:47:58] "GET /api/proxy/?url=http%3A%2F%2F172.16.50.14%2FDHAKA-FLIX-14%2FKOREAN%2520TV%2520%2526%2520WEB%2520Series%2F18%2520Again%2520%2528TV%2520Series%25202020%2529%2520720p%2520%255BDual%2520Audio%255D%2Fa_AL_.jpg HTTP/1.1" 200 85273
[27/Jul/2026 02:47:58] "GET /api/browse/?path=%2FDHAKA-FLIX-14%2FEnglish%2520Movies%2520%25281080p%2529%2F%25281997%2529%25201080p%2F HTTP/1.1" 200 18475
[27/Jul/2026 02:47:58] "GET /api/proxy/?url=http%3A%2F%2F172.16.50.14%2FDHAKA-FLIX-14%2FKOREAN%2520TV%2520%2526%2520WEB%2520Series%2F2%2520Weeks%2520%2528TV%2520Mini%2520Series%25202013%2529%2520720p%2Fa_AL_.jpg HTTP/1.1" 200 81966
[27/Jul/2026 02:47:58] "GET /api/proxy/?url=http%3A%2F%2F172.16.50.14%2FDHAKA-FLIX-14%2FKOREAN%2520TV%2520%2526%2520WEB%2520Series%2F365-Repeat%2520the%2520Year%2520%2528TV%2520Series%25202020%2529%2520720p%2520%255BDual%2520Audio%255D%2Fa_AL_.jpg HTTP/1.1" 200 31445
[27/Jul/2026 02:47:58] "GET /api/proxy/?url=http%3A%2F%2F172.16.50.14%2FDHAKA-FLIX-14%2FKOREAN%2520TV%2520%2526%2520WEB%2520Series%2FA%2520Bloody%2520Lucky%2520Day%2520%2528TV%2520Series%25202023%25E2%2580%2593%2520%2529%2520720p%2520%255BDual%2520Audio%255D%2Fa_AL_.jpg HTTP/1.1" 200 166451
[27/Jul/2026 02:47:58] "GET /api/browse/?path=%2FDHAKA-FLIX-14%2FEnglish%2520Movies%2520%25281080p%2529%2F%25281997%2529%25201080p%2FA%2520Thousand%2520Acres%2520%25281997%2529%25201080p%2F HTTP/1.1" 200 686
[27/Jul/2026 02:47:58] "GET /api/browse/?path=%2FDHAKA-FLIX-14%2FEnglish%2520Movies%2520%25281080p%2529%2F%25281997%2529%25201080p%2FA%2520Life%2520Less%2520Ordinary%2520%25281997%2529%25201080p%2F HTTP/1.1" 200 712
[27/Jul/2026 02:47:58] "GET /api/browse/?path=%2FDHAKA-FLIX-14%2FEnglish%2520Movies%2520%25281080p%2529%2F%25281997%2529%25201080p%2FA%2520Thousand%2520Acres%2520%25281997%2529%25201080p%2F HTTP/1.1" 200 686
[27/Jul/2026 02:47:58] "GET /api/browse/?path=%2FDHAKA-FLIX-14%2FEnglish%2520Movies%2520%25281080p%2529%2F%25281997%2529%25201080p%2FA%2520Life%2520Less%2520Ordinary%2520%25281997%2529%25201080p%2F HTTP/1.1" 200 712
[27/Jul/2026 02:47:59] "GET /api/proxy/?url=http%3A%2F%2F172.16.50.14%2FDHAKA-FLIX-14%2FAnimation%2520Movies%2520%25281080p%2529%2FA%2520Silent%2520Voice-The%2520Movie%2520%25282016%2529%25201080p%2520%255BDual%2520Audio%255D%2Fa._V1_.jpg HTTP/1.1" 200 73545
[27/Jul/2026 02:47:59] "GET /api/proxy/?url=http%3A%2F%2F172.16.50.14%2FDHAKA-FLIX-14%2FKOREAN%2520TV%2520%2526%2520WEB%2520Series%2FA%2520Hundred%2520Memories%2520%2528TV%2520Series%25202025%2529%2520720p%2Fa_AL_.jpg HTTP/1.1" 200 156173
[27/Jul/2026 02:47:59] "GET /api/proxy/?url=http%3A%2F%2F172.16.50.14%2FDHAKA-FLIX-14%2FHindi%2520Movies%2F%25282002%2529%2F16%2520December%2520%25282002%2529%2Fa1b.jpg HTTP/1.1" 200 187927
[27/Jul/2026 02:47:59] "GET /api/proxy/?url=http%3A%2F%2F172.16.50.14%2FDHAKA-FLIX-14%2FHindi%2520Movies%2F%25282001%2529%2FAamdani%2520Atthanni%2520Kharcha%2520Rupaiya%2520%25282001%2529%25201080p%2Fa_V1_.jpg HTTP/1.1" 200 349530
[27/Jul/2026 02:47:59] "GET /api/proxy/?url=http%3A%2F%2F172.16.50.14%2FDHAKA-FLIX-14%2FKOREAN%2520TV%2520%2526%2520WEB%2520Series%2FA%2520Good%2520Day%2520to%2520Be%2520a%2520Dog%2520%2528TV%2520Series%25202023%25E2%2580%2593%2520%2529%2520720p%2Fa_AL_.jpg HTTP/1.1" 200 285145
[27/Jul/2026 02:47:59] "GET /api/proxy/?url=http%3A%2F%2F172.16.50.14%2FDHAKA-FLIX-14%2FHindi%2520Movies%2F%25282003%2529%2F3%2520Deewarein%2520%25282003%2529%25201080p%2Fa_AL_.jpg HTTP/1.1" 200 362798
[27/Jul/2026 02:47:59] "GET /api/proxy/?url=http%3A%2F%2F172.16.50.14%2FDHAKA-FLIX-14%2FKOREAN%2520TV%2520%2526%2520WEB%2520Series%2F20th%2520Century%2520Boy%2520and%2520Girl%2520%2528TV%2520Series%25202017%2529%2520720p%2Fa_AL_.jpg HTTP/1.1" 200 2309531
[27/Jul/2026 02:47:59] "GET /api/proxy/?url=http%3A%2F%2F172.16.50.14%2FDHAKA-FLIX-14%2FHindi%2520Movies%2F%25282005%2529%2F15%2520Park%2520Avenue%2520%25282005%2529%2520480p%2Fa_V1_.jpg HTTP/1.1" 200 41452
[27/Jul/2026 02:47:59] "GET /api/proxy/?url=http%3A%2F%2F172.16.50.7%2FDHAKA-FLIX-7%2FEnglish%2520Movies%2F%25282024%2529%2FA%2520Nice%2520Indian%2520Boy%2520%25282024%2529%2520720p%2520AMZN%2520%255BDual%2520Audio%255D%2Fa_AL_.jpg HTTP/1.1" 200 235427
[27/Jul/2026 02:47:59] "GET /api/proxy/?url=http%3A%2F%2F172.16.50.7%2FDHAKA-FLIX-7%2FEnglish%2520Movies%2F%25282024%2529%2FA%2520Part%2520of%2520You%2520%25282024%2529%2520720p%2520NF%2520%255BDual%2520Audio%255D%2Fa_AL_.jpg HTTP/1.1" 200 101424
[27/Jul/2026 02:47:59] "GET /api/proxy/?url=http%3A%2F%2F172.16.50.14%2FDHAKA-FLIX-14%2FHindi%2520Movies%2F%25282004%2529%2FAan%2520%25282004%2529%25201080p%2Faer.jpg HTTP/1.1" 200 368137
[27/Jul/2026 02:48:00] "GET /api/proxy/?url=http%3A%2F%2F172.16.50.14%2FDHAKA-FLIX-14%2FHindi%2520Movies%2F%25282006%2529%2F36%2520China%2520Town%2520%25282006%2529%25201080p%2Fa650.jpg HTTP/1.1" 200 98961
[27/Jul/2026 02:48:00] "GET /api/browse/?path=%2FDHAKA-FLIX-14%2FHindi%2520Movies%2F%25281998%2529%2FAunty%2520No.%25201%2520%25281998%2529%25201080p%2F HTTP/1.1" 200 653
[27/Jul/2026 02:48:00] "GET /api/browse/?path=%2FDHAKA-FLIX-14%2FHindi%2520Movies%2F%25281998%2529%2FBandhan%2520%25281998%2529%25201080p%2F HTTP/1.1" 200 623
[27/Jul/2026 02:48:00] "GET /api/browse/?path=%2FDHAKA-FLIX-14%2FHindi%2520Movies%2F%25281998%2529%2FBombay%2520Boys%2520%25281998%2529%25201080p%2F HTTP/1.1" 200 673
[27/Jul/2026 02:48:00] "GET /api/browse/?path=%2FDHAKA-FLIX-14%2FHindi%2520Movies%2F%25281998%2529%2FDevta%2520%25281998%2529%2520720p%2F HTTP/1.1" 200 594
[27/Jul/2026 02:48:00] "GET /api/browse/?path=%2FDHAKA-FLIX-14%2FHindi%2520Movies%2F%25281998%2529%2FBarood%2520%25281998%2529%25201080p%2F HTTP/1.1" 200 610
[27/Jul/2026 02:48:00] "GET /api/browse/?path=%2FDHAKA-FLIX-14%2FHindi%2520Movies%2F%25281998%2529%2FChina%2520Gate%2520%25281998%2529%2520720p%2F HTTP/1.1" 200 647
[27/Jul/2026 02:48:00] "GET /api/proxy/?url=http%3A%2F%2F172.16.50.14%2FDHAKA-FLIX-14%2FHindi%2520Movies%2F%25281998%2529%2FAngaaray%2520%25281998%2529%2520720p%2Fa_AL_.jpg HTTP/1.1" 200 120236
[27/Jul/2026 02:48:00] "GET /api/proxy/?url=http%3A%2F%2F172.16.50.14%2FDHAKA-FLIX-14%2FHindi%2520Movies%2F%25281998%2529%2FAunty%2520No.%25201%2520%25281998%2529%25201080p%2Fa_AL_.jpg HTTP/1.1" 200 84509
[27/Jul/2026 02:48:00] "GET /api/browse/?path=%2FDHAKA-FLIX-14%2FHindi%2520Movies%2F%25281998%2529%2FBade%2520Miyan%2520Chote%2520Miyan%2520%25281998%2529%2520720p%2F HTTP/1.1" 200 735
[27/Jul/2026 02:48:00] "GET /api/browse/?path=%2FDHAKA-FLIX-14%2FHindi%2520Movies%2F%25281998%2529%2FDil%2520Se..%2520%25281998%2529%25201080p%2F HTTP/1.1" 200 965
[27/Jul/2026 02:48:00] "GET /api/browse/?path=%2FDHAKA-FLIX-14%2FHindi%2520Movies%2F%25281998%2529%2FDulhe%2520Raja%2520%25281998%2529%25201080p%2F HTTP/1.1" 200 642
[27/Jul/2026 02:48:00] "GET /api/browse/?path=%2FDHAKA-FLIX-14%2FHindi%2520Movies%2F%25281998%2529%2FDuplicate%2520%25281998%2529%25201080p%2F HTTP/1.1" 200 629
[27/Jul/2026 02:48:00] "GET /api/browse/?path=%2FDHAKA-FLIX-14%2FHindi%2520Movies%2F%25281998%2529%2FDoli%2520Saja%2520Ke%2520Rakhna%2520%25281998%2529%25201080p%2F HTTP/1.1" 200 707
[27/Jul/2026 02:48:00] "GET /api/proxy/?url=http%3A%2F%2F172.16.50.14%2FDHAKA-FLIX-14%2FHindi%2520Movies%2F%25281998%2529%2FBandhan%2520%25281998%2529%25201080p%2Fa_V1_.jpg HTTP/1.1" 200 161767
[27/Jul/2026 02:48:00] "GET /api/proxy/?url=http%3A%2F%2F172.16.50.14%2FDHAKA-FLIX-14%2FHindi%2520Movies%2F%25281998%2529%2FBombay%2520Boys%2520%25281998%2529%25201080p%2Fa_AL_.jpg HTTP/1.1" 200 85806
[27/Jul/2026 02:48:00] "GET /api/proxy/?url=http%3A%2F%2F172.16.50.14%2FDHAKA-FLIX-14%2FHindi%2520Movies%2F%25281998%2529%2FChina%2520Gate%2520%25281998%2529%2520720p%2Fa_AL_.jpg HTTP/1.1" 200 100397
[27/Jul/2026 02:48:00] "GET /api/browse/?path=%2FDHAKA-FLIX-14%2FHindi%2520Movies%2F%25281998%2529%2FDushman%2520%25281998%2529%25201080p%2F HTTP/1.1" 200 625
[27/Jul/2026 02:48:00] "GET /api/proxy/?url=http%3A%2F%2F172.16.50.14%2FDHAKA-FLIX-14%2FHindi%2520Movies%2F%25281998%2529%2FDevta%2520%25281998%2529%2520720p%2Fa_AL_.jpg HTTP/1.1" 200 169562
[27/Jul/2026 02:48:00] "GET /api/proxy/?url=http%3A%2F%2F172.16.50.14%2FDHAKA-FLIX-14%2FHindi%2520Movies%2F%25281998%2529%2FBarood%2520%25281998%2529%25201080p%2Faper.jpg HTTP/1.1" 200 85261
[27/Jul/2026 02:48:00] "GET /api/proxy/?url=http%3A%2F%2F172.16.50.14%2FDHAKA-FLIX-14%2FHindi%2520Movies%2F%25281998%2529%2FBade%2520Miyan%2520Chote%2520Miyan%2520%25281998%2529%2520720p%2Fa_AL_.jpg HTTP/1.1" 200 183066
[27/Jul/2026 02:48:00] "GET /api/proxy/?url=http%3A%2F%2F172.16.50.14%2FDHAKA-FLIX-14%2FHindi%2520Movies%2F%25281998%2529%2FDil%2520Se..%2520%25281998%2529%25201080p%2Fa11.jpg HTTP/1.1" 200 52090
[27/Jul/2026 02:48:00] "GET /api/proxy/?url=http%3A%2F%2F172.16.50.14%2FDHAKA-FLIX-14%2FHindi%2520Movies%2F%25281998%2529%2FDoli%2520Saja%2520Ke%2520Rakhna%2520%25281998%2529%25201080p%2Fa_AL_.jpg HTTP/1.1" 200 140315
[27/Jul/2026 02:48:00] "GET /api/proxy/?url=http%3A%2F%2F172.16.50.14%2FDHAKA-FLIX-14%2FHindi%2520Movies%2F%25281998%2529%2FDuplicate%2520%25281998%2529%25201080p%2Fa00.jpg HTTP/1.1" 200 115366
[27/Jul/2026 02:48:00] "GET /api/proxy/?url=http%3A%2F%2F172.16.50.14%2FDHAKA-FLIX-14%2FHindi%2520Movies%2F%25281998%2529%2FDushman%2520%25281998%2529%25201080p%2Fa._V1_.jpg HTTP/1.1" 200 51502
[27/Jul/2026 02:48:00] "GET /api/browse/?path=%2FDHAKA-FLIX-14%2FHindi%2520Movies%2F%25281998%2529%2FEarth%2520%25281998%2529%25201080p%2F HTTP/1.1" 200 613
[27/Jul/2026 02:48:00] "GET /api/proxy/?url=http%3A%2F%2F172.16.50.14%2FDHAKA-FLIX-14%2FHindi%2520Movies%2F%25281998%2529%2FDulhe%2520Raja%2520%25281998%2529%25201080p%2Fa11.jpg HTTP/1.1" 200 60380
[27/Jul/2026 02:48:00] "GET /api/browse/?path=%2FDHAKA-FLIX-14%2FHindi%2520Movies%2F%25281998%2529%2FGhulam%2520%25281998%2529%25201080p%2F HTTP/1.1" 200 937
[27/Jul/2026 02:48:00] "GET /api/browse/?path=%2FDHAKA-FLIX-14%2FHindi%2520Movies%2F%25281998%2529%2FHatya%2520%25281998%2529%2520720p%2F HTTP/1.1" 200 592
[27/Jul/2026 02:48:00] "GET /api/proxy/?url=http%3A%2F%2F172.16.50.14%2FDHAKA-FLIX-14%2FHindi%2520Movies%2F%25281998%2529%2FEarth%2520%25281998%2529%25201080p%2Fa_AL_.jpg HTTP/1.1" 200 89793
[27/Jul/2026 02:48:00] "GET /api/proxy/?url=http%3A%2F%2F172.16.50.14%2FDHAKA-FLIX-14%2FHindi%2520Movies%2F%25281998%2529%2FGhulam%2520%25281998%2529%25201080p%2Famz.jpg HTTP/1.1" 200 47279
[27/Jul/2026 02:48:00] "GET /api/browse/?path=%2FDHAKA-FLIX-14%2FHindi%2520Movies%2F%25281998%2529%2FHumse%2520Badhkar%2520Kaun%2520%25281998%2529%25201080p%2F HTTP/1.1" 200 688
[27/Jul/2026 02:48:00] "GET /api/proxy/?url=http%3A%2F%2F172.16.50.14%2FDHAKA-FLIX-14%2FHindi%2520Movies%2F%25281998%2529%2FHatya%2520%25281998%2529%2520720p%2Fa_AL_.jpg HTTP/1.1" 200 118756
[27/Jul/2026 02:48:00] "GET /api/proxy/?url=http%3A%2F%2F172.16.50.14%2FDHAKA-FLIX-14%2FHindi%2520Movies%2F%25281998%2529%2FHumse%2520Badhkar%2520Kaun%2520%25281998%2529%25201080p%2Fa_AL_.jpg HTTP/1.1" 200 49487
[27/Jul/2026 02:48:00] "GET /api/browse/?path=%2FDHAKA-FLIX-14%2FHindi%2520Movies%2F%25281998%2529%2FJab%2520Pyaar%2520Kisise%2520Hota%2520Hai%2520%25281998%2529%25201080p%2F HTTP/1.1" 200 741
[27/Jul/2026 02:48:01] "GET /api/browse/?path=%2FDHAKA-FLIX-14%2FHindi%2520Movies%2F%25281998%2529%2FJeans%2520%25281998%2529%25201080p%2F HTTP/1.1" 200 613
[27/Jul/2026 02:48:01] "GET /api/proxy/?url=http%3A%2F%2F172.16.50.14%2FDHAKA-FLIX-14%2FHindi%2520Movies%2F%25281998%2529%2FJab%2520Pyaar%2520Kisise%2520Hota%2520Hai%2520%25281998%2529%25201080p%2Fant.jpg HTTP/1.1" 200 212496
[27/Jul/2026 02:48:01] "GET /api/proxy/?url=http%3A%2F%2F172.16.50.14%2FDHAKA-FLIX-14%2FHindi%2520Movies%2F%25281998%2529%2FJeans%2520%25281998%2529%25201080p%2Fa_AL_.jpg HTTP/1.1" 200 47151
[27/Jul/2026 02:48:01] "GET /api/browse/?path=%2FDHAKA-FLIX-14%2FHindi%2520Movies%2F%25281998%2529%2FJhooth%2520Bole%2520Kauwa%2520Kaate%2520%25281998%2529%2520720p%2F HTTP/1.1" 200 706
[27/Jul/2026 02:48:01] "GET /api/proxy/?url=http%3A%2F%2F172.16.50.14%2FDHAKA-FLIX-14%2FHindi%2520Movies%2F%25281998%2529%2FJhooth%2520Bole%2520Kauwa%2520Kaate%2520%25281998%2529%2520720p%2Fa_AL_.jpg HTTP/1.1" 200 152043
[27/Jul/2026 02:48:01] "GET /api/browse/?path=%2FDHAKA-FLIX-14%2FHindi%2520Movies%2F%25281998%2529%2FKareeb%2520%25281998%2529%25201080p%2F HTTP/1.1" 200 618
[27/Jul/2026 02:48:01] "GET /api/proxy/?url=http%3A%2F%2F172.16.50.14%2FDHAKA-FLIX-14%2FHindi%2520Movies%2F%25281998%2529%2FKareeb%2520%25281998%2529%25201080p%2Fa_AL_.jpg HTTP/1.1" 200 37091
[27/Jul/2026 02:48:01] "GET /api/browse/?path=%2FDHAKA-FLIX-14%2FHindi%2520Movies%2F%25281998%2529%2FKeemat%2520%25281998%2529%2520720p%2F HTTP/1.1" 200 597
[27/Jul/2026 02:48:01] "GET /api/proxy/?url=http%3A%2F%2F172.16.50.14%2FDHAKA-FLIX-14%2FHindi%2520Movies%2F%25281998%2529%2FKeemat%2520%25281998%2529%2520720p%2Fa_AL_.jpg HTTP/1.1" 200 27331
[27/Jul/2026 02:48:01] "GET /api/browse/?path=%2FDHAKA-FLIX-14%2FHindi%2520Movies%2F%25281998%2529%2FKuch%2520Kuch%2520Hota%2520Hai%2520%25281998%2529%25201080p%2F HTTP/1.1" 200 1071
[27/Jul/2026 02:48:01] "GET /api/proxy/?url=http%3A%2F%2F172.16.50.14%2FDHAKA-FLIX-14%2FHindi%2520Movies%2F%25281998%2529%2FKuch%2520Kuch%2520Hota%2520Hai%2520%25281998%2529%25201080p%2Faas.jpg HTTP/1.1" 200 196125
[27/Jul/2026 02:48:01] "GET /api/browse/?path=%2FDHAKA-FLIX-14%2FHindi%2520Movies%2F%25281998%2529%2FKudrat%2520%25281998%2529%25201080p%2F HTTP/1.1" 200 618
[27/Jul/2026 02:48:01] "GET /api/browse/?path=%2FDHAKA-FLIX-14%2FHindi%2520Movies%2F%25281998%2529%2FMaharaja%2520%25281998%2529%2520720p%2F HTTP/1.1" 200 621
[27/Jul/2026 02:48:01] "GET /api/proxy/?url=http%3A%2F%2F172.16.50.14%2FDHAKA-FLIX-14%2FHindi%2520Movies%2F%25281998%2529%2FKudrat%2520%25281998%2529%25201080p%2Fa_AL_.jpg HTTP/1.1" 200 187260
[27/Jul/2026 02:48:01] "GET /api/proxy/?url=http%3A%2F%2F172.16.50.14%2FDHAKA-FLIX-14%2FHindi%2520Movies%2F%25281998%2529%2FMaharaja%2520%25281998%2529%2520720p%2Fa_AL_.jpg HTTP/1.1" 200 102331
[27/Jul/2026 02:48:01] "GET /api/browse/?path=%2FDHAKA-FLIX-14%2FHindi%2520Movies%2F%25281998%2529%2FMajor%2520Saab%2520%25281998%2529%2520720p%2F HTTP/1.1" 200 599
[27/Jul/2026 02:48:01] "GET /api/proxy/?url=http%3A%2F%2F172.16.50.14%2FDHAKA-FLIX-14%2FHindi%2520Movies%2F%25281998%2529%2FMajor%2520Saab%2520%25281998%2529%2520720p%2Fa7d.jpg HTTP/1.1" 200 61128
[27/Jul/2026 02:48:01] "GET /api/browse/?path=%2FDHAKA-FLIX-14%2FHindi%2520Movies%2F%25281998%2529%2FMehndi%2520%25281998%2529%25201080p%2F HTTP/1.1" 200 618
[27/Jul/2026 02:48:01] "GET /api/proxy/?url=http%3A%2F%2F172.16.50.14%2FDHAKA-FLIX-14%2FHindi%2520Movies%2F%25281998%2529%2FMehndi%2520%25281998%2529%25201080p%2Fa_AL_.jpg HTTP/1.1" 200 33492
[27/Jul/2026 02:48:01] "GET /api/browse/?path=%2FDHAKA-FLIX-14%2FHindi%2520Movies%2F%25281998%2529%2FMohabbat%2520Aur%2520Jung%2520%25281998%2529%25201080p%2F HTTP/1.1" 200 675
[27/Jul/2026 02:48:01] "GET /api/proxy/?url=http%3A%2F%2F172.16.50.14%2FDHAKA-FLIX-14%2FHindi%2520Movies%2F%25281998%2529%2FMohabbat%2520Aur%2520Jung%2520%25281998%2529%25201080p%2Fa_AL_.jpg HTTP/1.1" 200 87950
[27/Jul/2026 02:48:01] "GET /api/browse/?path=%2FDHAKA-FLIX-14%2FHindi%2520Movies%2F%25281998%2529%2FPyaar%2520Kiya%2520To%2520Darna%2520Kya%2520%25281998%2529%25201080p%2F HTTP/1.1" 200 1123
[27/Jul/2026 02:48:01] "GET /api/proxy/?url=http%3A%2F%2F172.16.50.14%2FDHAKA-FLIX-14%2FHindi%2520Movies%2F%25281998%2529%2FPyaar%2520Kiya%2520To%2520Darna%2520Kya%2520%25281998%2529%25201080p%2Fa31l.jpg HTTP/1.1" 200 122945
[27/Jul/2026 02:48:01] "GET /api/browse/?path=%2FDHAKA-FLIX-14%2FHindi%2520Movies%2F%25281998%2529%2FPyaar%2520To%2520Hona%2520Hi%2520Tha%2520%25281998%2529%25201080p%2F HTTP/1.1" 200 732
[27/Jul/2026 02:48:01] "GET /api/browse/?path=%2FDHAKA-FLIX-14%2FHindi%2520Movies%2F%25281998%2529%2FSalaakhen%2520%25281998%2529%25201080p%2F HTTP/1.1" 200 627
[27/Jul/2026 02:48:02] "GET /api/proxy/?url=http%3A%2F%2F172.16.50.14%2FDHAKA-FLIX-14%2FHindi%2520Movies%2F%25281998%2529%2FSalaakhen%2520%25281998%2529%25201080p%2Fa_V1_.jpg HTTP/1.1" 200 123880
[27/Jul/2026 02:48:02] "GET /api/browse/?path=%2FDHAKA-FLIX-14%2FHindi%2520Movies%2F%25281998%2529%2FSatya%2520%25281998%2529%25201080p%2F HTTP/1.1" 200 609
[27/Jul/2026 02:48:02] "GET /api/proxy/?url=http%3A%2F%2F172.16.50.14%2FDHAKA-FLIX-14%2FHindi%2520Movies%2F%25281998%2529%2FPyaar%2520To%2520Hona%2520Hi%2520Tha%2520%25281998%2529%25201080p%2Fa_AL_.jpg HTTP/1.1" 200 803874
[27/Jul/2026 02:48:02] "GET /api/proxy/?url=http%3A%2F%2F172.16.50.14%2FDHAKA-FLIX-14%2FHindi%2520Movies%2F%25281998%2529%2FSatya%2520%25281998%2529%25201080p%2Fa11.jpg HTTP/1.1" 200 63769
[27/Jul/2026 02:48:02] "GET /api/browse/?path=%2FDHAKA-FLIX-14%2FHindi%2520Movies%2F%25281998%2529%2FSatya%2520%25281998%2529%2520720p%2F HTTP/1.1" 200 590
[27/Jul/2026 02:48:02] "GET /api/proxy/?url=http%3A%2F%2F172.16.50.14%2FDHAKA-FLIX-14%2FHindi%2520Movies%2F%25281998%2529%2FSatya%2520%25281998%2529%2520720p%2Faper.jpg HTTP/1.1" 200 63769
[27/Jul/2026 02:48:02] "GET /api/browse/?path=%2FDHAKA-FLIX-14%2FHindi%2520Movies%2F%25281998%2529%2FSham%2520Ghansham%2520%25281998%2529%2520720p%2F HTTP/1.1" 200 654
[27/Jul/2026 02:48:02] "GET /api/proxy/?url=http%3A%2F%2F172.16.50.14%2FDHAKA-FLIX-14%2FHindi%2520Movies%2F%25281998%2529%2FSham%2520Ghansham%2520%25281998%2529%2520720p%2Fa_AL_.jpg HTTP/1.1" 200 49023
[27/Jul/2026 02:48:02] "GET /api/browse/?path=%2FDHAKA-FLIX-14%2FHindi%2520Movies%2F%25281998%2529%2FSoldier%2520%25281998%2529%25201080p%2F HTTP/1.1" 200 619
[27/Jul/2026 02:48:02] "GET /api/proxy/?url=http%3A%2F%2F172.16.50.14%2FDHAKA-FLIX-14%2FHindi%2520Movies%2F%25281998%2529%2FSoldier%2520%25281998%2529%25201080p%2Fa0_.jpg HTTP/1.1" 200 56882
[27/Jul/2026 02:48:02] "GET /api/browse/?path=%2FDHAKA-FLIX-14%2FHindi%2520Movies%2F%25281998%2529%2FTamanna%2520%25281998%2529%2F HTTP/1.1" 200 495
[27/Jul/2026 02:48:02] "GET /api/proxy/?url=http%3A%2F%2F172.16.50.14%2FDHAKA-FLIX-14%2FHindi%2520Movies%2F%25281998%2529%2FTamanna%2520%25281998%2529%2Fa_AL_.jpg HTTP/1.1" 200 68325
[27/Jul/2026 02:48:02] "GET /api/browse/?path=%2FDHAKA-FLIX-14%2FHindi%2520Movies%2F%25281998%2529%2FTamanna%2520%25281998%2529%2520720p%2F HTTP/1.1" 200 636
[27/Jul/2026 02:48:02] "GET /api/proxy/?url=http%3A%2F%2F172.16.50.14%2FDHAKA-FLIX-14%2FHindi%2520Movies%2F%25281998%2529%2FTamanna%2520%25281998%2529%2520720p%2Fa_AL_.jpg HTTP/1.1" 200 68325
[27/Jul/2026 02:48:02] "GET /api/browse/?path=%2FDHAKA-FLIX-14%2FHindi%2520Movies%2F%25281998%2529%2FUstadon%2520Ke%2520Ustad%2520%25281998%2529%2F HTTP/1.1" 200 650
[27/Jul/2026 02:48:02] "GET /api/proxy/?url=http%3A%2F%2F172.16.50.14%2FDHAKA-FLIX-14%2FHindi%2520Movies%2F%25281998%2529%2FUstadon%2520Ke%2520Ustad%2520%25281998%2529%2Fa_AL_.jpg HTTP/1.1" 200 218306
[27/Jul/2026 02:48:02] "GET /api/browse/?path=%2FDHAKA-FLIX-14%2FHindi%2520Movies%2F%25281998%2529%2FVinashak%2520%25281998%2529%25201080p%2F HTTP/1.1" 200 612
[27/Jul/2026 02:48:02] "GET /api/proxy/?url=http%3A%2F%2F172.16.50.14%2FDHAKA-FLIX-14%2FHindi%2520Movies%2F%25281998%2529%2FVinashak%2520%25281998%2529%25201080p%2Fa_AL_.jpg HTTP/1.1" 200 47479
[27/Jul/2026 02:48:02] "GET /api/browse/?path=%2FDHAKA-FLIX-14%2FHindi%2520Movies%2F%25281998%2529%2FWajood%2520%25281998%2529%25201080p%2F HTTP/1.1" 200 602
[27/Jul/2026 02:48:02] "GET /api/proxy/?url=http%3A%2F%2F172.16.50.14%2FDHAKA-FLIX-14%2FHindi%2520Movies%2F%25281998%2529%2FWajood%2520%25281998%2529%25201080p%2Fa_AL_.jpg HTTP/1.1" 200 211534
[27/Jul/2026 02:48:02] "GET /api/browse/?path=%2FDHAKA-FLIX-14%2FHindi%2520Movies%2F%25281998%2529%2FZakhm%2520%25281998%2529%25201080p%2F HTTP/1.1" 200 605
[27/Jul/2026 02:48:02] "GET /api/proxy/?url=http%3A%2F%2F172.16.50.14%2FDHAKA-FLIX-14%2FHindi%2520Movies%2F%25281998%2529%2FZakhm%2520%25281998%2529%25201080p%2Fa-8.jpg HTTP/1.1" 200 101685
